=== stack plain_l2 starting ===
  warmup0: ttft=582.7346019996185
  warmup1: ttft=45.07870299858041
  P=1024 stored: True disk_objs=8
  P=5000 stored: True disk_objs=67
  P=8192 stored: True disk_objs=289
{
 "stats": {
  "plain_l2/l2hit_warm/P1024": {
   "n": 10,
   "median_ms": 162.18922100051714,
   "min_ms": 127.85327999881702,
   "max_ms": 212.91136899890262,
   "all": [
    127.9,
    128.7,
    137.9,
    138.2,
    159.9,
    164.5,
    168.0,
    171.3,
    172.2,
    212.9
   ]
  },
  "plain_l2/l2hit_warm/P5000": {
   "n": 10,
   "median_ms": 607.7652650001255,
   "min_ms": 581.0527459998411,
   "max_ms": 907.9910299988114,
   "all": [
    581.1,
    583.5,
    596.7,
    601.7,
    605.8,
    609.7,
    613.5,
    696.6,
    795.5,
    908.0
   ]
  },
  "plain_l2/l2hit_warm/P8192": {
   "n": 10,
   "median_ms": 960.03903250039,
   "min_ms": 939.7308229999908,
   "max_ms": 1925.2396510000835,
   "all": [
    939.7,
    941.1,
    949.1,
    953.6,
    954.1,
    966.0,
    985.1,
    1020.4,
    1038.0,
    1925.2
   ]
  },
  "plain_l2/l2hit_cold/P1024": {
   "n": 5,
   "median_ms": 143.79961200029356,
   "min_ms": 128.42260300021735,
   "max_ms": 153.2262199998513,
   "all": [
    128.4,
    141.6,
    143.8,
    148.1,
    153.2
   ]
  },
  "plain_l2/l2hit_cold/P5000": {
   "n": 5,
   "median_ms": 637.6198069992824,
   "min_ms": 583.5573000003933,
   "max_ms": 651.0958239996398,
   "all": [
    583.6,
    626.1,
    637.6,
    638.0,
    651.1
   ]
  },
  "plain_l2/l2hit_cold/P8192": {
   "n": 5,
   "median_ms": 1054.4006029995217,
   "min_ms": 984.0412569992623,
   "max_ms": 1087.6185489996715,
   "all": [
    984.0,
    1014.1,
    1054.4,
    1077.8,
    1087.6
 
EXP008_OK
