=== stack aead_l2 starting ===
  warmup0: ttft=645.343062999018
  warmup1: ttft=42.01950599963311
  P=1024 stored: True disk_objs=8
  P=5000 stored: True disk_objs=67
  P=8192 stored: True disk_objs=289
{
 "stats": {
  "aead_l2/l2hit_warm/P1024": {
   "n": 10,
   "median_ms": 144.6336019989758,
   "min_ms": 138.5363999997935,
   "max_ms": 207.74945999983174,
   "all": [
    138.5,
    141.4,
    143.1,
    143.4,
    144.6,
    144.7,
    144.8,
    146.5,
    162.5,
    207.7
   ]
  },
  "aead_l2/l2hit_warm/P5000": {
   "n": 10,
   "median_ms": 658.9577659997303,
   "min_ms": 632.3302239998156,
   "max_ms": 937.862128001143,
   "all": [
    632.3,
    645.3,
    650.7,
    652.4,
    656.2,
    661.7,
    676.9,
    696.1,
    700.5,
    937.9
   ]
  },
  "aead_l2/l2hit_warm/P8192": {
   "n": 10,
   "median_ms": 1031.4524514997174,
   "min_ms": 987.9339300005086,
   "max_ms": 1444.6590490006201,
   "all": [
    987.9,
    1007.6,
    1013.5,
    1021.5,
    1027.9,
    1035.0,
    1036.0,
    1045.3,
    1220.9,
    1444.7
   ]
  },
  "aead_l2/l2hit_cold/P1024": {
   "n": 5,
   "median_ms": 159.05623199978436,
   "min_ms": 142.13578499948198,
   "max_ms": 162.57031099848973,
   "all": [
    142.1,
    156.9,
    159.1,
    160.8,
    162.6
   ]
  },
  "aead_l2/l2hit_cold/P5000": {
   "n": 5,
   "median_ms": 706.7223579997517,
   "min_ms": 651.8201150011009,
   "max_ms": 854.4931830001588,
   "all": [
    651.8,
    692.7,
    706.7,
    707.4,
    854.5
   ]
  },
  "aead_l2/l2hit_cold/P8192": {
   "n": 5,
   "median_ms": 1111.580781000157,
   "min_ms": 1020.3258580004331,
   "max_ms": 1130.3386780000437,
   "all": [
    1020.3,
    1073.6,
    1111.6,
    1124.2,
    1130.3
EXP008_OK
